Archive member included to satisfy reference by file (symbol)

C:/ST/STM32CubeIDE_1.14.1/STM32CubeIDE/plugins/com.st.stm32cube.ide.mcu.externaltools.gnu-tools-for-stm32.11.3.rel1.win32_1.1.100.202309141235/tools/bin/../lib/gcc/arm-none-eabi/11.3.1/../../../../arm-none-eabi/lib/thumb/v8-m.main+fp/hard\libc_nano.a(libc_a-exit.o)
                              C:/ST/STM32CubeIDE_1.14.1/STM32CubeIDE/plugins/com.st.stm32cube.ide.mcu.externaltools.gnu-tools-for-stm32.11.3.rel1.win32_1.1.100.202309141235/tools/bin/../lib/gcc/arm-none-eabi/11.3.1/../../../../arm-none-eabi/lib/thumb/v8-m.main+fp/hard/crt0.o (exit)
C:/ST/STM32CubeIDE_1.14.1/STM32CubeIDE/plugins/com.st.stm32cube.ide.mcu.externaltools.gnu-tools-for-stm32.11.3.rel1.win32_1.1.100.202309141235/tools/bin/../lib/gcc/arm-none-eabi/11.3.1/../../../../arm-none-eabi/lib/thumb/v8-m.main+fp/hard\libc_nano.a(libc_a-findfp.o)
                              C:/ST/STM32CubeIDE_1.14.1/STM32CubeIDE/plugins/com.st.stm32cube.ide.mcu.externaltools.gnu-tools-for-stm32.11.3.rel1.win32_1.1.100.202309141235/tools/bin/../lib/gcc/arm-none-eabi/11.3.1/../../../../arm-none-eabi/lib/thumb/v8-m.main+fp/hard\libc_nano.a(libc_a-exit.o) (__stdio_exit_handler)
C:/ST/STM32CubeIDE_1.14.1/STM32CubeIDE/plugins/com.st.stm32cube.ide.mcu.externaltools.gnu-tools-for-stm32.11.3.rel1.win32_1.1.100.202309141235/tools/bin/../lib/gcc/arm-none-eabi/11.3.1/../../../../arm-none-eabi/lib/thumb/v8-m.main+fp/hard\libc_nano.a(libc_a-fwalk.o)
                              C:/ST/STM32CubeIDE_1.14.1/STM32CubeIDE/plugins/com.st.stm32cube.ide.mcu.externaltools.gnu-tools-for-stm32.11.3.rel1.win32_1.1.100.202309141235/tools/bin/../lib/gcc/arm-none-eabi/11.3.1/../../../../arm-none-eabi/lib/thumb/v8-m.main+fp/hard\libc_nano.a(libc_a-findfp.o) (_fwalk_sglue)
C:/ST/STM32CubeIDE_1.14.1/STM32CubeIDE/plugins/com.st.stm32cube.ide.mcu.externaltools.gnu-tools-for-stm32.11.3.rel1.win32_1.1.100.202309141235/tools/bin/../lib/gcc/arm-none-eabi/11.3.1/../../../../arm-none-eabi/lib/thumb/v8-m.main+fp/hard\libc_nano.a(libc_a-stdio.o)
                              C:/ST/STM32CubeIDE_1.14.1/STM32CubeIDE/plugins/com.st.stm32cube.ide.mcu.externaltools.gnu-tools-for-stm32.11.3.rel1.win32_1.1.100.202309141235/tools/bin/../lib/gcc/arm-none-eabi/11.3.1/../../../../arm-none-eabi/lib/thumb/v8-m.main+fp/hard\libc_nano.a(libc_a-findfp.o) (__sread)
C:/ST/STM32CubeIDE_1.14.1/STM32CubeIDE/plugins/com.st.stm32cube.ide.mcu.externaltools.gnu-tools-for-stm32.11.3.rel1.win32_1.1.100.202309141235/tools/bin/../lib/gcc/arm-none-eabi/11.3.1/../../../../arm-none-eabi/lib/thumb/v8-m.main+fp/hard\libc_nano.a(libc_a-memset.o)
                              C:/ST/STM32CubeIDE_1.14.1/STM32CubeIDE/plugins/com.st.stm32cube.ide.mcu.externaltools.gnu-tools-for-stm32.11.3.rel1.win32_1.1.100.202309141235/tools/bin/../lib/gcc/arm-none-eabi/11.3.1/../../../../arm-none-eabi/lib/thumb/v8-m.main+fp/hard/crt0.o (memset)
C:/ST/STM32CubeIDE_1.14.1/STM32CubeIDE/plugins/com.st.stm32cube.ide.mcu.externaltools.gnu-tools-for-stm32.11.3.rel1.win32_1.1.100.202309141235/tools/bin/../lib/gcc/arm-none-eabi/11.3.1/../../../../arm-none-eabi/lib/thumb/v8-m.main+fp/hard\libc_nano.a(libc_a-closer.o)
                              C:/ST/STM32CubeIDE_1.14.1/STM32CubeIDE/plugins/com.st.stm32cube.ide.mcu.externaltools.gnu-tools-for-stm32.11.3.rel1.win32_1.1.100.202309141235/tools/bin/../lib/gcc/arm-none-eabi/11.3.1/../../../../arm-none-eabi/lib/thumb/v8-m.main+fp/hard\libc_nano.a(libc_a-stdio.o) (_close_r)
C:/ST/STM32CubeIDE_1.14.1/STM32CubeIDE/plugins/com.st.stm32cube.ide.mcu.externaltools.gnu-tools-for-stm32.11.3.rel1.win32_1.1.100.202309141235/tools/bin/../lib/gcc/arm-none-eabi/11.3.1/../../../../arm-none-eabi/lib/thumb/v8-m.main+fp/hard\libc_nano.a(libc_a-reent.o)
                              C:/ST/STM32CubeIDE_1.14.1/STM32CubeIDE/plugins/com.st.stm32cube.ide.mcu.externaltools.gnu-tools-for-stm32.11.3.rel1.win32_1.1.100.202309141235/tools/bin/../lib/gcc/arm-none-eabi/11.3.1/../../../../arm-none-eabi/lib/thumb/v8-m.main+fp/hard\libc_nano.a(libc_a-closer.o) (errno)
C:/ST/STM32CubeIDE_1.14.1/STM32CubeIDE/plugins/com.st.stm32cube.ide.mcu.externaltools.gnu-tools-for-stm32.11.3.rel1.win32_1.1.100.202309141235/tools/bin/../lib/gcc/arm-none-eabi/11.3.1/../../../../arm-none-eabi/lib/thumb/v8-m.main+fp/hard\libc_nano.a(libc_a-impure.o)
                              C:/ST/STM32CubeIDE_1.14.1/STM32CubeIDE/plugins/com.st.stm32cube.ide.mcu.externaltools.gnu-tools-for-stm32.11.3.rel1.win32_1.1.100.202309141235/tools/bin/../lib/gcc/arm-none-eabi/11.3.1/../../../../arm-none-eabi/lib/thumb/v8-m.main+fp/hard\libc_nano.a(libc_a-reent.o) (_impure_ptr)
C:/ST/STM32CubeIDE_1.14.1/STM32CubeIDE/plugins/com.st.stm32cube.ide.mcu.externaltools.gnu-tools-for-stm32.11.3.rel1.win32_1.1.100.202309141235/tools/bin/../lib/gcc/arm-none-eabi/11.3.1/../../../../arm-none-eabi/lib/thumb/v8-m.main+fp/hard\libc_nano.a(libc_a-lseekr.o)
[...]
Memory Configuration

Name             Origin             Length             Attributes
RAM              0x0000000020000000 0x0000000000030000 xrw
RAM2             0x0000000020030000 0x0000000000010000 xrw
FLASH            0x0000000008000000 0x0000000000080000 xr
*default*        0x0000000000000000 0xffffffffffffffff

Linker script and memory map

LOAD C:/ST/STM32CubeIDE_1.14.1/STM32CubeIDE/plugins/com.st.stm32cube.ide.mcu.externaltools.gnu-tools-for-stm32.11.3.rel1.win32_1.1.100.202309141235/tools/bin/../lib/gcc/arm-none-eabi/11.3.1/thumb/v8-m.main+fp/hard/crti.o
LOAD C:/ST/STM32CubeIDE_1.14.1/STM32CubeIDE/plugins/com.st.stm32cube.ide.mcu.externaltools.gnu-tools-for-stm32.11.3.rel1.win32_1.1.100.202309141235/tools/bin/../lib/gcc/arm-none-eabi/11.3.1/thumb/v8-m.main+fp/hard/crtbegin.o
LOAD C:/ST/STM32CubeIDE_1.14.1/STM32CubeIDE/plugins/com.st.stm32cube.ide.mcu.externaltools.gnu-tools-for-stm32.11.3.rel1.win32_1.1.100.202309141235/tools/bin/../lib/gcc/arm-none-eabi/11.3.1/../../../../arm-none-eabi/lib/thumb/v8-m.main+fp/hard/crt0.o
LOAD ./Core/Src/SIGMA_iflash.o
LOAD ./Core/Src/SIGMA_main.o
LOAD ./Core/Src/SIGMA_uart.o
LOAD ./Core/Src/SIGMA_xmodem.o
LOAD ./Core/Src/stm32l5xx_hal_msp.o
LOAD ./Core/Src/stm32l5xx_it.o
LOAD ./Core/Src/syscalls.o
LOAD ./Core/Src/sysmem.o
LOAD ./Core/Src/system_stm32l5xx.o
LOAD ./Core/Startup/startup_stm32l552zetxq.o
LOAD ./Drivers/STM32L5xx_HAL_Driver/Src/stm32l5xx_hal.o
LOAD ./Drivers/STM32L5xx_HAL_Driver/Src/stm32l5xx_hal_cortex.o
LOAD ./Drivers/STM32L5xx_HAL_Driver/Src/stm32l5xx_hal_dma.o
LOAD ./Drivers/STM32L5xx_HAL_Driver/Src/stm32l5xx_hal_dma_ex.o
LOAD ./Drivers/STM32L5xx_HAL_Driver/Src/stm32l5xx_hal_exti.o
LOAD ./Drivers/STM32L5xx_HAL_Driver/Src/stm32l5xx_hal_flash.o
LOAD ./Drivers/STM32L5xx_HAL_Driver/Src/stm32l5xx_hal_flash_ex.o
LOAD ./Drivers/STM32L5xx_HAL_Driver/Src/stm32l5xx_hal_flash_ramfunc.o
LOAD ./Drivers/STM32L5xx_HAL_Driver/Src/stm32l5xx_hal_gpio.o
LOAD ./Drivers/STM32L5xx_HAL_Driver/Src/stm32l5xx_hal_i2c.o
LOAD ./Drivers/STM32L5xx_HAL_Driver/Src/stm32l5xx_hal_i2c_ex.o
LOAD ./Drivers/STM32L5xx_HAL_Driver/Src/stm32l5xx_hal_icache.o
LOAD ./Drivers/STM32L5xx_HAL_Driver/Src/stm32l5xx_hal_pwr.o
LOAD ./Drivers/STM32L5xx_HAL_Driver/Src/stm32l5xx_hal_pwr_ex.o
LOAD ./Drivers/STM32L5xx_HAL_Driver/Src/stm32l5xx_hal_rcc.o
LOAD ./Drivers/STM32L5xx_HAL_Driver/Src/stm32l5xx_hal_rcc_ex.o
LOAD ./Drivers/STM32L5xx_HAL_Driver/Src/stm32l5xx_hal_tim.o
LOAD ./Drivers/STM32L5xx_HAL_Driver/Src/stm32l5xx_hal_tim_ex.o
LOAD ./Drivers/STM32L5xx_HAL_Driver/Src/stm32l5xx_hal_uart.o
LOAD ./Drivers/STM32L5xx_HAL_Driver/Src/stm32l5xx_hal_uart_ex.o
START GROUP
LOAD C:/ST/STM32CubeIDE_1.14.1/STM32CubeIDE/plugins/com.st.stm32cube.ide.mcu.externaltools.gnu-tools-for-stm32.11.3.rel1.win32_1.1.100.202309141235/tools/bin/../lib/gcc/arm-none-eabi/11.3.1/../../../../arm-none-eabi/lib/thumb/v8-m.main+fp/hard\libc_nano.a
LOAD C:/ST/STM32CubeIDE_1.14.1/STM32CubeIDE/plugins/com.st.stm32cube.ide.mcu.externaltools.gnu-tools-for-stm32.11.3.rel1.win32_1.1.100.202309141235/tools/bin/../lib/gcc/arm-none-eabi/11.3.1/../../../../arm-none-eabi/lib/thumb/v8-m.main+fp/hard\libm.a
END GROUP
START GROUP
LOAD C:/ST/STM32CubeIDE_1.14.1/STM32CubeIDE/plugins/com.st.stm32cube.ide.mcu.externaltools.gnu-tools-for-stm32.11.3.rel1.win32_1.1.100.202309141235/tools/bin/../lib/gcc/arm-none-eabi/11.3.1/thumb/v8-m.main+fp/hard\libgcc.a
LOAD C:/ST/STM32CubeIDE_1.14.1/STM32CubeIDE/plugins/com.st.stm32cube.ide.mcu.externaltools.gnu-tools-for-stm32.11.3.rel1.win32_1.1.100.202309141235/tools/bin/../lib/gcc/arm-none-eabi/11.3.1/../../../../arm-none-eabi/lib/thumb/v8-m.main+fp/hard\libc_nano.a
END GROUP
START GROUP
LOAD C:/ST/STM32CubeIDE_1.14.1/STM32CubeIDE/plugins/com.st.stm32cube.ide.mcu.externaltools.gnu-tools-for-stm32.11.3.rel1.win32_1.1.100.202309141235/tools/bin/../lib/gcc/arm-none-eabi/11.3.1/thumb/v8-m.main+fp/hard\libgcc.a
LOAD C:/ST/STM32CubeIDE_1.14.1/STM32CubeIDE/plugins/com.st.stm32cube.ide.mcu.externaltools.gnu-tools-for-stm32.11.3.rel1.win32_1.1.100.202309141235/tools/bin/../lib/gcc/arm-none-eabi/11.3.1/../../../../arm-none-eabi/lib/thumb/v8-m.main+fp/hard\libc_nano.a
LOAD C:/ST/STM32CubeIDE_1.14.1/STM32CubeIDE/plugins/com.st.stm32cube.ide.mcu.externaltools.gnu-tools-for-stm32.11.3.rel1.win32_1.1.100.202309141235/tools/bin/../lib/gcc/arm-none-eabi/11.3.1/../../../../arm-none-eabi/lib/thumb/v8-m.main+fp/hard\libnosys.a
END GROUP
START GROUP
LOAD C:/ST/STM32CubeIDE_1.14.1/STM32CubeIDE/plugins/com.st.stm32cube.ide.mcu.externaltools.gnu-tools-for-stm32.11.3.rel1.win32_1.1.100.202309141235/tools/bin/../lib/gcc/arm-none-eabi/11.3.1/thumb/v8-m.main+fp/hard\libgcc.a
LOAD C:/ST/STM32CubeIDE_1.14.1/STM32CubeIDE/plugins/com.st.stm32cube.ide.mcu.externaltools.gnu-tools-for-stm32.11.3.rel1.win32_1.1.100.202309141235/tools/bin/../lib/gcc/arm-none-eabi/11.3.1/../../../../arm-none-eabi/lib/thumb/v8-m.main+fp/hard\libc_nano.a
LOAD C:/ST/STM32CubeIDE_1.14.1/STM32CubeIDE/plugins/com.st.stm32cube.ide.mcu.externaltools.gnu-tools-for-stm32.11.3.rel1.win32_1.1.100.202309141235/tools/bin/../lib/gcc/arm-none-eabi/11.3.1/../../../../arm-none-eabi/lib/thumb/v8-m.main+fp/hard\libnosys.a
END GROUP
LOAD C:/ST/STM32CubeIDE_1.14.1/STM32CubeIDE/plugins/com.st.stm32cube.ide.mcu.externaltools.gnu-tools-for-stm32.11.3.rel1.win32_1.1.100.202309141235/tools/bin/../lib/gcc/arm-none-eabi/11.3.1/thumb/v8-m.main+fp/hard/crtend.o
LOAD C:/ST/STM32CubeIDE_1.14.1/STM32CubeIDE/plugins/com.st.stm32cube.ide.mcu.externaltools.gnu-tools-for-stm32.11.3.rel1.win32_1.1.100.202309141235/tools/bin/../lib/gcc/arm-none-eabi/11.3.1/thumb/v8-m.main+fp/hard/crtn.o
                0x0000000020030000                _estack = (ORIGIN (RAM) + LENGTH (RAM))
                0x0000000000000200                _Min_Heap_Size = 0x200
                0x0000000000000400                _Min_Stack_Size = 0x400

.isr_vector     0x0000000008000000      0x1f4
                0x0000000008000000                . = ALIGN (0x4)
 *(.isr_vector)
 .isr_vector    0x0000000008000000      0x1f4 ./Core/Startup/startup_stm32l552zetxq.o
                0x0000000008000000                g_pfnVectors
                0x00000000080001f4                . = ALIGN (0x4)

.text           0x00000000080001f4     0x4e2c
                0x00000000080001f4                . = ALIGN (0x4)
 *(.text)
 .text          0x00000000080001f4       0x40 C:/ST/STM32CubeIDE_1.14.1/STM32CubeIDE/plugins/com.st.stm32cube.ide.mcu.externaltools.gnu-tools-for-stm32.11.3.rel1.win32_1.1.100.202309141235/tools/bin/../lib/gcc/arm-none-eabi/11.3.1/thumb/v8-m.main+fp/hard/crtbegin.o
 .text          0x0000000008000234       0x30 C:/ST/STM32CubeIDE_1.14.1/STM32CubeIDE/plugins/com.st.stm32cube.ide.mcu.externaltools.gnu-tools-for-stm32.11.3.rel1.win32_1.1.100.202309141235/tools/bin/../lib/gcc/arm-none-eabi/11.3.1/thumb/v8-m.main+fp/hard\libgcc.a(_aeabi_uldivmod.o)
                0x0000000008000234                __aeabi_uldivmod
 .text          0x0000000008000264      0x2ec C:/ST/STM32CubeIDE_1.14.1/STM32CubeIDE/plugins/com.st.stm32cube.ide.mcu.externaltools.gnu-tools-for-stm32.11.3.rel1.win32_1.1.100.202309141235/tools/bin/../lib/gcc/arm-none-eabi/11.3.1/thumb/v8-m.main+fp/hard\libgcc.a(_udivmoddi4.o)
                0x0000000008000264                __udivmoddi4
 .text          0x0000000008000550        0x4 C:/ST/STM32CubeIDE_1.14.1/STM32CubeIDE/plugins/com.st.stm32cube.ide.mcu.externaltools.gnu-tools-for-stm32.11.3.rel1.win32_1.1.100.202309141235/tools/bin/../lib/gcc/arm-none-eabi/11.3.1/thumb/v8-m.main+fp/hard\libgcc.a(_dvmd_tls.o)
                0x0000000008000550                __aeabi_idiv0
                0x0000000008000550                __aeabi_ldiv0
 *(.text*)
 .text.SIGMA_GetPage
                0x0000000008000554       0x98 ./Core/Src/SIGMA_iflash.o
 .text.SIGMA_GetBank
                0x00000000080005ec       0x16 ./Core/Src/SIGMA_iflash.o
 *fill*         0x0000000008000602        0x2 
 .text.SIGMA_Iflash_Erase
                0x0000000008000604       0xa8 ./Core/Src/SIGMA_iflash.o
                0x0000000008000604                SIGMA_Iflash_Erase
 .text.SIGMA_Iflash_Write
                0x00000000080006ac       0x78 ./Core/Src/SIGMA_iflash.o
                0x00000000080006ac                SIGMA_Iflash_Write
 .text.main     0x0000000008000724       0x54 ./Core/Src/SIGMA_main.o
                0x0000000008000724                main
 .text.SystemClock_Config
                0x0000000008000778       0xa2 ./Core/Src/SIGMA_main.o
                0x0000000008000778                SystemClock_Config
 *fill*         0x000000000800081a        0x2 
 .text.MX_LPUART1_UART_Init
                0x000000000800081c       0x98 ./Core/Src/SIGMA_main.o
 .text.MX_GPIO_Init
                0x00000000080008b4       0x48 ./Core/Src/SIGMA_main.o
 .text.Error_Handler
                0x00000000080008fc        0xa ./Core/Src/SIGMA_main.o
                0x00000000080008fc                Error_Handler
 *fill*         0x0000000008000906        0x2 
 .text.SIGMA_Uart_Receive
                0x0000000008000908       0x38 ./Core/Src/SIGMA_uart.o
                0x0000000008000908                SIGMA_Uart_Receive
 .text.SIGMA_Uart_Transmit_str
                0x0000000008000940       0x4c ./Core/Src/SIGMA_uart.o
                0x0000000008000940                SIGMA_Uart_Transmit_str
 .text.SIGMA_Uart_Transmit_ch
                0x000000000800098c       0x48 ./Core/Src/SIGMA_uart.o
                0x000000000800098c                SIGMA_Uart_Transmit_ch
 .text.SIGMA_Xmodem_Receive
                0x00000000080009d4      0x188 ./Core/Src/SIGMA_xmodem.o
                0x00000000080009d4                SIGMA_Xmodem_Receive
 .text.SIGMA_Xmodem_receive_packet
                0x0000000008000b5c       0xb2 ./Core/Src/SIGMA_xmodem.o
                0x0000000008000b5c                SIGMA_Xmodem_receive_packet
 .text.SIGMA_Xmodem_calculate_crc16
                0x0000000008000c0e       0x7c ./Core/Src/SIGMA_xmodem.o
                0x0000000008000c0e                SIGMA_Xmodem_calculate_crc16
 .text.SIGMA_Xmodem_send_ack
                0x0000000008000c8a        0xe ./Core/Src/SIGMA_xmodem.o
                0x0000000008000c8a                SIGMA_Xmodem_send_ack
 .text.SIGMA_Xmodem_send_nack
                0x0000000008000c98        0xe ./Core/Src/SIGMA_xmodem.o
                0x0000000008000c98                SIGMA_Xmodem_send_nack
 *fill*         0x0000000008000ca6        0x2 
 .text.HAL_MspInit
                0x0000000008000ca8       0x48 ./Core/Src/stm32l5xx_hal_msp.o
                0x0000000008000ca8                HAL_MspInit
 .text.HAL_UART_MspInit
                0x0000000008000cf0       0xd0 ./Core/Src/stm32l5xx_hal_msp.o
                0x0000000008000cf0                HAL_UART_MspInit
 .text.NMI_Handler
                0x0000000008000dc0        0x6 ./Core/Src/stm32l5xx_it.o
                0x0000000008000dc0                NMI_Handler
 .text.HardFault_Handler
                0x0000000008000dc6        0x6 ./Core/Src/stm32l5xx_it.o
                0x0000000008000dc6                HardFault_Handler
 .text.MemManage_Handler
                0x0000000008000dcc        0x6 ./Core/Src/stm32l5xx_it.o
                0x0000000008000dcc                MemManage_Handler
 .text.BusFault_Handler
                0x0000000008000dd2        0x6 ./Core/Src/stm32l5xx_it.o
                0x0000000008000dd2                BusFault_Handler
 .text.UsageFault_Handler
                0x0000000008000dd8        0x6 ./Core/Src/stm32l5xx_it.o
                0x0000000008000dd8                UsageFault_Handler
 .text.SVC_Handler
                0x0000000008000dde        0xe ./Core/Src/stm32l5xx_it.o
                0x0000000008000dde                SVC_Handler
 .text.DebugMon_Handler
                0x0000000008000dec        0xe ./Core/Src/stm32l5xx_it.o
                0x0000000008000dec                DebugMon_Handler
 .text.PendSV_Handler
                0x0000000008000dfa        0xe ./Core/Src/stm32l5xx_it.o
                0x0000000008000dfa                PendSV_Handler
 .text.SysTick_Handler
                0x0000000008000e08        0xc ./Core/Src/stm32l5xx_it.o
                0x0000000008000e08                SysTick_Handler
 .text.LPUART1_IRQHandler
                0x0000000008000e14       0x14 ./Core/Src/stm32l5xx_it.o
                0x0000000008000e14                LPUART1_IRQHandler
 .text.SystemInit
                0x0000000008000e28       0x24 ./Core/Src/system_stm32l5xx.o
                0x0000000008000e28                SystemInit
 .text.SystemCoreClockUpdate
                0x0000000008000e4c      0x15c ./Core/Src/system_stm32l5xx.o
                0x0000000008000e4c                SystemCoreClockUpdate
 .text.Reset_Handler
                0x0000000008000fa8       0x50 ./Core/Startup/startup_stm32l552zetxq.o
                0x0000000008000fa8                Reset_Handler
 .text.Default_Handler
                0x0000000008000ff8        0x2 ./Core/Startup/startup_stm32l552zetxq.o
                0x0000000008000ff8                EXTI2_IRQHandler
                0x0000000008000ff8                TIM8_TRG_COM_IRQHandler
                0x0000000008000ff8                TIM8_CC_IRQHandler
                0x0000000008000ff8                EXTI5_IRQHandler
                0x0000000008000ff8                FLASH_S_IRQHandler
                0x0000000008000ff8                EXTI13_IRQHandler
                0x0000000008000ff8                TIM1_CC_IRQHandler
                0x0000000008000ff8                TSC_IRQHandler
                0x0000000008000ff8                TAMP_IRQHandler
                0x0000000008000ff8                TIM6_IRQHandler
                0x0000000008000ff8                EXTI12_IRQHandler
                0x0000000008000ff8                DMA2_Channel8_IRQHandler
                0x0000000008000ff8                EXTI3_IRQHandler
                0x0000000008000ff8                EXTI8_IRQHandler
                0x0000000008000ff8                LPTIM2_IRQHandler
                0x0000000008000ff8                DFSDM1_FLT1_IRQHandler
                0x0000000008000ff8                USB_FS_IRQHandler
                0x0000000008000ff8                I2C3_ER_IRQHandler
                0x0000000008000ff8                DFSDM1_FLT2_IRQHandler
                0x0000000008000ff8                DMAMUX1_IRQHandler
                0x0000000008000ff8                LPTIM3_IRQHandler
                0x0000000008000ff8                EXTI0_IRQHandler
                0x0000000008000ff8                I2C2_EV_IRQHandler
                0x0000000008000ff8                FPU_IRQHandler
                0x0000000008000ff8                FDCAN1_IT1_IRQHandler
                0x0000000008000ff8                ADC1_2_IRQHandler
                0x0000000008000ff8                SPI1_IRQHandler
                0x0000000008000ff8                OCTOSPI1_IRQHandler
                0x0000000008000ff8                TIM8_UP_IRQHandler
                0x0000000008000ff8                RCC_S_IRQHandler
                0x0000000008000ff8                DMA2_Channel2_IRQHandler
                0x0000000008000ff8                DMA1_Channel4_IRQHandler
                0x0000000008000ff8                SAI2_IRQHandler
                0x0000000008000ff8                DFSDM1_FLT3_IRQHandler
                0x0000000008000ff8                EXTI15_IRQHandler
                0x0000000008000ff8                TIM17_IRQHandler
                0x0000000008000ff8                USART3_IRQHandler
                0x0000000008000ff8                RTC_IRQHandler
                0x0000000008000ff8                EXTI9_IRQHandler
                0x0000000008000ff8                DMA1_Channel7_IRQHandler
                0x0000000008000ff8                UART5_IRQHandler
                0x0000000008000ff8                TIM4_IRQHandler
                0x0000000008000ff8                DMA2_Channel1_IRQHandler
                0x0000000008000ff8                I2C1_EV_IRQHandler
                0x0000000008000ff8                DMA1_Channel6_IRQHandler
                0x0000000008000ff8                TIM16_IRQHandler
                0x0000000008000ff8                UART4_IRQHandler
                0x0000000008000ff8                DMA2_Channel4_IRQHandler
                0x0000000008000ff8                SecureFault_Handler
                0x0000000008000ff8                TIM3_IRQHandler
                0x0000000008000ff8                RCC_IRQHandler
                0x0000000008000ff8                TIM1_TRG_COM_IRQHandler
                0x0000000008000ff8                DMA1_Channel1_IRQHandler
                0x0000000008000ff8                Default_Handler
                0x0000000008000ff8                DMA2_Channel7_IRQHandler
                0x0000000008000ff8                DMA1_Channel8_IRQHandler
                0x0000000008000ff8                TIM7_IRQHandler
                0x0000000008000ff8                SDMMC1_IRQHandler
                0x0000000008000ff8                TIM5_IRQHandler
                0x0000000008000ff8                UCPD1_IRQHandler
                0x0000000008000ff8                TIM15_IRQHandler
                0x0000000008000ff8                I2C3_EV_IRQHandler
                0x0000000008000ff8                PVD_PVM_IRQHandler
                0x0000000008000ff8                SPI2_IRQHandler
                0x0000000008000ff8                EXTI14_IRQHandler
                0x0000000008000ff8                EXTI11_IRQHandler
                0x0000000008000ff8                DMA2_Channel5_IRQHandler
                0x0000000008000ff8                CRS_IRQHandler
                0x0000000008000ff8                DMA1_Channel5_IRQHandler
                0x0000000008000ff8                EXTI4_IRQHandler
                0x0000000008000ff8                RTC_S_IRQHandler
                0x0000000008000ff8                RNG_IRQHandler
                0x0000000008000ff8                DMAMUX1_S_IRQHandler
                0x0000000008000ff8                DMA1_Channel3_IRQHandler
                0x0000000008000ff8                COMP_IRQHandler
                0x0000000008000ff8                TIM1_UP_IRQHandler
                0x0000000008000ff8                WWDG_IRQHandler
                0x0000000008000ff8                I2C4_EV_IRQHandler
                0x0000000008000ff8                DMA2_Channel6_IRQHandler
                0x0000000008000ff8                FDCAN1_IT0_IRQHandler
                0x0000000008000ff8                TIM2_IRQHandler
                0x0000000008000ff8                TAMP_S_IRQHandler
                0x0000000008000ff8                EXTI7_IRQHandler
                0x0000000008000ff8                TIM1_BRK_IRQHandler
                0x0000000008000ff8                DAC_IRQHandler
                0x0000000008000ff8                EXTI1_IRQHandler
                0x0000000008000ff8                GTZC_IRQHandler
                0x0000000008000ff8                USART2_IRQHandler
                0x0000000008000ff8                DFSDM1_FLT0_IRQHandler
                0x0000000008000ff8                I2C2_ER_IRQHandler
                0x0000000008000ff8                DMA1_Channel2_IRQHandler
                0x0000000008000ff8                TIM8_BRK_IRQHandler
                0x0000000008000ff8                FLASH_IRQHandler
                0x0000000008000ff8                USART1_IRQHandler
                0x0000000008000ff8                EXTI10_IRQHandler
                0x0000000008000ff8                SPI3_IRQHandler
                0x0000000008000ff8                I2C1_ER_IRQHandler
                0x0000000008000ff8                FMC_IRQHandler
                0x0000000008000ff8                EXTI6_IRQHandler
                0x0000000008000ff8                LPTIM1_IRQHandler
                0x0000000008000ff8                I2C4_ER_IRQHandler
                0x0000000008000ff8                ICACHE_IRQHandler
                0x0000000008000ff8                SAI1_IRQHandler
                0x0000000008000ff8                HASH_IRQHandler
                0x0000000008000ff8                DMA2_Channel3_IRQHandler
 .text.HAL_Init
                0x0000000008000ffa       0x34 ./Drivers/STM32L5xx_HAL_Driver/Src/stm32l5xx_hal.o
                0x0000000008000ffa                HAL_Init
 *fill*         0x000000000800102e        0x2 
 .text.HAL_InitTick
                0x0000000008001030       0x78 ./Drivers/STM32L5xx_HAL_Driver/Src/stm32l5xx_hal.o
                0x0000000008001030                HAL_InitTick
 .text.HAL_IncTick
                0x00000000080010a8       0x28 ./Drivers/STM32L5xx_HAL_Driver/Src/stm32l5xx_hal.o
                0x00000000080010a8                HAL_IncTick
 .text.HAL_GetTick
                0x00000000080010d0       0x18 ./Drivers/STM32L5xx_HAL_Driver/Src/stm32l5xx_hal.o
                0x00000000080010d0                HAL_GetTick
 .text.HAL_Delay
                0x00000000080010e8       0x48 ./Drivers/STM32L5xx_HAL_Driver/Src/stm32l5xx_hal.o
                0x00000000080010e8                HAL_Delay
 .text.__NVIC_SetPriorityGrouping
                0x0000000008001130       0x48 ./Drivers/STM32L5xx_HAL_Driver/Src/stm32l5xx_hal_cortex.o
 .text.__NVIC_GetPriorityGrouping
                0x0000000008001178       0x1c ./Drivers/STM32L5xx_HAL_Driver/Src/stm32l5xx_hal_cortex.o
 .text.__NVIC_EnableIRQ
                0x0000000008001194       0x3c ./Drivers/STM32L5xx_HAL_Driver/Src/stm32l5xx_hal_cortex.o
 .text.__NVIC_SetPriority
                0x00000000080011d0       0x54 ./Drivers/STM32L5xx_HAL_Driver/Src/stm32l5xx_hal_cortex.o
 .text.NVIC_EncodePriority
                0x0000000008001224       0x66 ./Drivers/STM32L5xx_HAL_Driver/Src/stm32l5xx_hal_cortex.o
 *fill*         0x000000000800128a        0x2 
 .text.SysTick_Config
                0x000000000800128c       0x44 ./Drivers/STM32L5xx_HAL_Driver/Src/stm32l5xx_hal_cortex.o
 .text.HAL_NVIC_SetPriorityGrouping
                0x00000000080012d0       0x16 ./Drivers/STM32L5xx_HAL_Driver/Src/stm32l5xx_hal_cortex.o
                0x00000000080012d0                HAL_NVIC_SetPriorityGrouping
 .text.HAL_NVIC_SetPriority
                0x00000000080012e6       0x34 ./Drivers/STM32L5xx_HAL_Driver/Src/stm32l5xx_hal_cortex.o
                0x00000000080012e6                HAL_NVIC_SetPriority
 .text.HAL_NVIC_EnableIRQ
                0x000000000800131a       0x1c ./Drivers/STM32L5xx_HAL_Driver/Src/stm32l5xx_hal_cortex.o
                0x000000000800131a                HAL_NVIC_EnableIRQ
 .text.HAL_SYSTICK_Config
                0x0000000008001336       0x18 ./Drivers/STM32L5xx_HAL_Driver/Src/stm32l5xx_hal_cortex.o
                0x0000000008001336                HAL_SYSTICK_Config
 .text.HAL_DMA_Abort
                0x000000000800134e       0xb8 ./Drivers/STM32L5xx_HAL_Driver/Src/stm32l5xx_hal_dma.o
                0x000000000800134e                HAL_DMA_Abort
 .text.HAL_DMA_Abort_IT
                0x0000000008001406       0xbe ./Drivers/STM32L5xx_HAL_Driver/Src/stm32l5xx_hal_dma.o
                0x0000000008001406                HAL_DMA_Abort_IT
 .text.HAL_DMA_GetError
                0x00000000080014c4       0x18 ./Drivers/STM32L5xx_HAL_Driver/Src/stm32l5xx_hal_dma.o
                0x00000000080014c4                HAL_DMA_GetError
 .text.HAL_FLASH_Program
                0x00000000080014dc       0x84 ./Drivers/STM32L5xx_HAL_Driver/Src/stm32l5xx_hal_flash.o
                0x00000000080014dc                HAL_FLASH_Program
 .text.HAL_FLASH_Unlock
                0x0000000008001560       0x44 ./Drivers/STM32L5xx_HAL_Driver/Src/stm32l5xx_hal_flash.o
                0x0000000008001560                HAL_FLASH_Unlock
 .text.HAL_FLASH_Lock
                0x00000000080015a4       0x34 ./Drivers/STM32L5xx_HAL_Driver/Src/stm32l5xx_hal_flash.o
                0x00000000080015a4                HAL_FLASH_Lock
 .text.FLASH_WaitForLastOperation
                0x00000000080015d8       0x90 ./Drivers/STM32L5xx_HAL_Driver/Src/stm32l5xx_hal_flash.o
                0x00000000080015d8                FLASH_WaitForLastOperation
 .text.FLASH_Program_DoubleWord
                0x0000000008001668       0x6c ./Drivers/STM32L5xx_HAL_Driver/Src/stm32l5xx_hal_flash.o
 .text.HAL_FLASHEx_Erase
                0x00000000080016d4       0xe0 ./Drivers/STM32L5xx_HAL_Driver/Src/stm32l5xx_hal_flash_ex.o
                0x00000000080016d4                HAL_FLASHEx_Erase
 .text.FLASH_MassErase
                0x00000000080017b4       0x78 ./Drivers/STM32L5xx_HAL_Driver/Src/stm32l5xx_hal_flash_ex.o
 .text.FLASH_PageErase
                0x000000000800182c       0x88 ./Drivers/STM32L5xx_HAL_Driver/Src/stm32l5xx_hal_flash_ex.o
                0x000000000800182c                FLASH_PageErase
 .text.HAL_GPIO_Init
                0x00000000080018b4      0x300 ./Drivers/STM32L5xx_HAL_Driver/Src/stm32l5xx_hal_gpio.o
                0x00000000080018b4                HAL_GPIO_Init
 .text.HAL_PWREx_GetVoltageRange
                0x0000000008001bb4       0x1c ./Drivers/STM32L5xx_HAL_Driver/Src/stm32l5xx_hal_pwr_ex.o
                0x0000000008001bb4                HAL_PWREx_GetVoltageRange
 .text.HAL_PWREx_ControlVoltageScaling
                0x0000000008001bd0       0xb8 ./Drivers/STM32L5xx_HAL_Driver/Src/stm32l5xx_hal_pwr_ex.o
                0x0000000008001bd0                HAL_PWREx_ControlVoltageScaling
 .text.HAL_PWREx_EnableVddIO2
                0x0000000008001c88       0x20 ./Drivers/STM32L5xx_HAL_Driver/Src/stm32l5xx_hal_pwr_ex.o
                0x0000000008001c88                HAL_PWREx_EnableVddIO2
 .text.HAL_PWREx_SMPS_GetEffectiveMode
                0x0000000008001ca8       0x48 ./Drivers/STM32L5xx_HAL_Driver/Src/stm32l5xx_hal_pwr_ex.o
                0x0000000008001ca8                HAL_PWREx_SMPS_GetEffectiveMode
 .text.HAL_RCC_OscConfig
                0x0000000008001cf0      0x9ac ./Drivers/STM32L5xx_HAL_Driver/Src/stm32l5xx_hal_rcc.o
                0x0000000008001cf0                HAL_RCC_OscConfig
 .text.HAL_RCC_ClockConfig
                0x000000000800269c      0x270 ./Drivers/STM32L5xx_HAL_Driver/Src/stm32l5xx_hal_rcc.o
                0x000000000800269c                HAL_RCC_ClockConfig
 .text.HAL_RCC_GetSysClockFreq
                0x000000000800290c      0x13c ./Drivers/STM32L5xx_HAL_Driver/Src/stm32l5xx_hal_rcc.o
                0x000000000800290c                HAL_RCC_GetSysClockFreq
 .text.HAL_RCC_GetHCLKFreq
                0x0000000008002a48       0x28 ./Drivers/STM32L5xx_HAL_Driver/Src/stm32l5xx_hal_rcc.o
                0x0000000008002a48                HAL_RCC_GetHCLKFreq
 .text.HAL_RCC_GetPCLK1Freq
                0x0000000008002a70       0x28 ./Drivers/STM32L5xx_HAL_Driver/Src/stm32l5xx_hal_rcc.o
                0x0000000008002a70                HAL_RCC_GetPCLK1Freq
 .text.HAL_RCC_GetPCLK2Freq
                0x0000000008002a98       0x28 ./Drivers/STM32L5xx_HAL_Driver/Src/stm32l5xx_hal_rcc.o
                0x0000000008002a98                HAL_RCC_GetPCLK2Freq
 .text.RCC_SetFlashLatencyFromMSIRange
                0x0000000008002ac0       0xc8 ./Drivers/STM32L5xx_HAL_Driver/Src/stm32l5xx_hal_rcc.o
 .text.RCC_GetSysClockFreqFromPLLSource
                0x0000000008002b88       0xdc ./Drivers/STM32L5xx_HAL_Driver/Src/stm32l5xx_hal_rcc.o
 .text.HAL_RCCEx_PeriphCLKConfig
                0x0000000008002c64      0x708 ./Drivers/STM32L5xx_HAL_Driver/Src/stm32l5xx_hal_rcc_ex.o
                0x0000000008002c64                HAL_RCCEx_PeriphCLKConfig
 .text.RCCEx_PLLSAI1_Config
                0x000000000800336c      0x1cc ./Drivers/STM32L5xx_HAL_Driver/Src/stm32l5xx_hal_rcc_ex.o
 .text.RCCEx_PLLSAI2_Config
                0x0000000008003538      0x158 ./Drivers/STM32L5xx_HAL_Driver/Src/stm32l5xx_hal_rcc_ex.o
 .text.HAL_UART_Init
                0x0000000008003690       0xa0 ./Drivers/STM32L5xx_HAL_Driver/Src/stm32l5xx_hal_uart.o
                0x0000000008003690                HAL_UART_Init
 .text.HAL_UART_Transmit
                0x0000000008003730      0x11c ./Drivers/STM32L5xx_HAL_Driver/Src/stm32l5xx_hal_uart.o
                0x0000000008003730                HAL_UART_Transmit
 .text.HAL_UART_Receive
                0x000000000800384c      0x190 ./Drivers/STM32L5xx_HAL_Driver/Src/stm32l5xx_hal_uart.o
                0x000000000800384c                HAL_UART_Receive
 .text.HAL_UART_Abort
                0x00000000080039dc      0x21a ./Drivers/STM32L5xx_HAL_Driver/Src/stm32l5xx_hal_uart.o
                0x00000000080039dc                HAL_UART_Abort
 *fill*         0x0000000008003bf6        0x2 
 .text.HAL_UART_IRQHandler
                0x0000000008003bf8      0x648 ./Drivers/STM32L5xx_HAL_Driver/Src/stm32l5xx_hal_uart.o
                0x0000000008003bf8                HAL_UART_IRQHandler
 .text.HAL_UART_TxCpltCallback
                0x0000000008004240       0x14 ./Drivers/STM32L5xx_HAL_Driver/Src/stm32l5xx_hal_uart.o
                0x0000000008004240                HAL_UART_TxCpltCallback
 .text.HAL_UART_ErrorCallback
                0x0000000008004254       0x14 ./Drivers/STM32L5xx_HAL_Driver/Src/stm32l5xx_hal_uart.o
                0x0000000008004254                HAL_UART_ErrorCallback
 .text.HAL_UARTEx_RxEventCallback
                0x0000000008004268       0x18 ./Drivers/STM32L5xx_HAL_Driver/Src/stm32l5xx_hal_uart.o
                0x0000000008004268                HAL_UARTEx_RxEventCallback
 .text.HAL_UART_GetState
                0x0000000008004280       0x2a ./Drivers/STM32L5xx_HAL_Driver/Src/stm32l5xx_hal_uart.o
                0x0000000008004280                HAL_UART_GetState
 *fill*         0x00000000080042aa        0x2 
 .text.UART_SetConfig
                0x00000000080042ac      0x600 ./Drivers/STM32L5xx_HAL_Driver/Src/stm32l5xx_hal_uart.o
                0x00000000080042ac                UART_SetConfig
 .text.UART_AdvFeatureConfig
                0x00000000080048ac      0x144 ./Drivers/STM32L5xx_HAL_Driver/Src/stm32l5xx_hal_uart.o
                0x00000000080048ac                UART_AdvFeatureConfig
 .text.UART_CheckIdleState
                0x00000000080049f0      0x154 ./Drivers/STM32L5xx_HAL_Driver/Src/stm32l5xx_hal_uart.o
                0x00000000080049f0                UART_CheckIdleState
 .text.UART_WaitOnFlagUntilTimeout
                0x0000000008004b44       0xda ./Drivers/STM32L5xx_HAL_Driver/Src/stm32l5xx_hal_uart.o
                0x0000000008004b44                UART_WaitOnFlagUntilTimeout
 .text.UART_EndRxTransfer
                0x0000000008004c1e       0xcc ./Drivers/STM32L5xx_HAL_Driver/Src/stm32l5xx_hal_uart.o
 .text.UART_DMAAbortOnError
                0x0000000008004cea       0x2c ./Drivers/STM32L5xx_HAL_Driver/Src/stm32l5xx_hal_uart.o
 .text.UART_EndTransmit_IT
                0x0000000008004d16       0x56 ./Drivers/STM32L5xx_HAL_Driver/Src/stm32l5xx_hal_uart.o
 .text.HAL_UARTEx_WakeupCallback
                0x0000000008004d6c       0x14 ./Drivers/STM32L5xx_HAL_Driver/Src/stm32l5xx_hal_uart_ex.o
                0x0000000008004d6c                HAL_UARTEx_WakeupCallback
 .text.HAL_UARTEx_RxFifoFullCallback
                0x0000000008004d80       0x14 ./Drivers/STM32L5xx_HAL_Driver/Src/stm32l5xx_hal_uart_ex.o
                0x0000000008004d80                HAL_UARTEx_RxFifoFullCallback
 .text.HAL_UARTEx_TxFifoEmptyCallback
                0x0000000008004d94       0x14 ./Drivers/STM32L5xx_HAL_Driver/Src/stm32l5xx_hal_uart_ex.o
                0x0000000008004d94                HAL_UARTEx_TxFifoEmptyCallback
 .text.HAL_UARTEx_DisableFifoMode
                0x0000000008004da8       0x72 ./Drivers/STM32L5xx_HAL_Driver/Src/stm32l5xx_hal_uart_ex.o
                0x0000000008004da8                HAL_UARTEx_DisableFifoMode
 .text.HAL_UARTEx_SetTxFifoThreshold
                0x0000000008004e1a       0x7c ./Drivers/STM32L5xx_HAL_Driver/Src/stm32l5xx_hal_uart_ex.o
                0x0000000008004e1a                HAL_UARTEx_SetTxFifoThreshold
 .text.HAL_UARTEx_SetRxFifoThreshold
                0x0000000008004e96       0x7c ./Drivers/STM32L5xx_HAL_Driver/Src/stm32l5xx_hal_uart_ex.o
                0x0000000008004e96                HAL_UARTEx_SetRxFifoThreshold
 *fill*         0x0000000008004f12        0x2 
 .text.UARTEx_SetNbDataToProcess
                0x0000000008004f14       0x9c ./Drivers/STM32L5xx_HAL_Driver/Src/stm32l5xx_hal_uart_ex.o
 .text.memset   0x0000000008004fb0       0x10 C:/ST/STM32CubeIDE_1.14.1/STM32CubeIDE/plugins/com.st.stm32cube.ide.mcu.externaltools.gnu-tools-for-stm32.11.3.rel1.win32_1.1.100.202309141235/tools/bin/../lib/gcc/arm-none-eabi/11.3.1/../../../../arm-none-eabi/lib/thumb/v8-m.main+fp/hard\libc_nano.a(libc_a-memset.o)
                0x0000000008004fb0                memset
 .text.__libc_init_array
                0x0000000008004fc0       0x48 C:/ST/STM32CubeIDE_1.14.1/STM32CubeIDE/plugins/com.st.stm32cube.ide.mcu.externaltools.gnu-tools-for-stm32.11.3.rel1.win32_1.1.100.202309141235/tools/bin/../lib/gcc/arm-none-eabi/11.3.1/../../../../arm-none-eabi/lib/thumb/v8-m.main+fp/hard\libc_nano.a(libc_a-init.o)
                0x0000000008004fc0                __libc_init_array
 *(.glue_7)
 .glue_7        0x0000000008005008        0x0 linker stubs
 *(.glue_7t)
 .glue_7t       0x0000000008005008        0x0 linker stubs
 *(.eh_frame)
 .eh_frame      0x0000000008005008        0x0 C:/ST/STM32CubeIDE_1.14.1/STM32CubeIDE/plugins/com.st.stm32cube.ide.mcu.externaltools.gnu-tools-for-stm32.11.3.rel1.win32_1.1.100.202309141235/tools/bin/../lib/gcc/arm-none-eabi/11.3.1/thumb/v8-m.main+fp/hard/crtbegin.o
 *(.init)
 .init          0x0000000008005008        0x4 C:/ST/STM32CubeIDE_1.14.1/STM32CubeIDE/plugins/com.st.stm32cube.ide.mcu.externaltools.gnu-tools-for-stm32.11.3.rel1.win32_1.1.100.202309141235/tools/bin/../lib/gcc/arm-none-eabi/11.3.1/thumb/v8-m.main+fp/hard/crti.o
                0x0000000008005008                _init
 .init          0x000000000800500c        0x8 C:/ST/STM32CubeIDE_1.14.1/STM32CubeIDE/plugins/com.st.stm32cube.ide.mcu.externaltools.gnu-tools-for-stm32.11.3.rel1.win32_1.1.100.202309141235/tools/bin/../lib/gcc/arm-none-eabi/11.3.1/thumb/v8-m.main+fp/hard/crtn.o
 *(.fini)
 .fini          0x0000000008005014        0x4 C:/ST/STM32CubeIDE_1.14.1/STM32CubeIDE/plugins/com.st.stm32cube.ide.mcu.externaltools.gnu-tools-for-stm32.11.3.rel1.win32_1.1.100.202309141235/tools/bin/../lib/gcc/arm-none-eabi/11.3.1/thumb/v8-m.main+fp/hard/crti.o
                0x0000000008005014                _fini
 .fini          0x0000000008005018        0x8 C:/ST/STM32CubeIDE_1.14.1/STM32CubeIDE/plugins/com.st.stm32cube.ide.mcu.externaltools.gnu-tools-for-stm32.11.3.rel1.win32_1.1.100.202309141235/tools/bin/../lib/gcc/arm-none-eabi/11.3.1/thumb/v8-m.main+fp/hard/crtn.o
                0x0000000008005020                . = ALIGN (0x4)
                0x0000000008005020                _etext = .

.vfp11_veneer   0x0000000008005020        0x0
 .vfp11_veneer  0x0000000008005020        0x0 linker stubs

.v4_bx          0x0000000008005020        0x0
 .v4_bx         0x0000000008005020        0x0 linker stubs

.iplt           0x0000000008005020        0x0
 .iplt          0x0000000008005020        0x0 C:/ST/STM32CubeIDE_1.14.1/STM32CubeIDE/plugins/com.st.stm32cube.ide.mcu.externaltools.gnu-tools-for-stm32.11.3.rel1.win32_1.1.100.202309141235/tools/bin/../lib/gcc/arm-none-eabi/11.3.1/thumb/v8-m.main+fp/hard/crtbegin.o

.rodata         0x0000000008005020      0x150
                0x0000000008005020                . = ALIGN (0x4)
 *(.rodata)
 .rodata        0x0000000008005020       0xd0 ./Core/Src/SIGMA_main.o
 *(.rodata*)
 .rodata.AHBPrescTable
                0x00000000080050f0       0x10 ./Core/Src/system_stm32l5xx.o
                0x00000000080050f0                AHBPrescTable
 .rodata.APBPrescTable
                0x0000000008005100        0x8 ./Core/Src/system_stm32l5xx.o
                0x0000000008005100                APBPrescTable
 .rodata.MSIRangeTable
                0x0000000008005108       0x40 ./Core/Src/system_stm32l5xx.o
                0x0000000008005108                MSIRangeTable
 .rodata.UARTPrescTable
                0x0000000008005148       0x18 ./Drivers/STM32L5xx_HAL_Driver/Src/stm32l5xx_hal_uart.o
                0x0000000008005148                UARTPrescTable
 .rodata.numerator.1
                0x0000000008005160        0x8 ./Drivers/STM32L5xx_HAL_Driver/Src/stm32l5xx_hal_uart_ex.o
 .rodata.denominator.0
                0x0000000008005168        0x8 ./Drivers/STM32L5xx_HAL_Driver/Src/stm32l5xx_hal_uart_ex.o
                0x0000000008005170                . = ALIGN (0x4)

.ARM.extab      0x0000000008005170        0x0
                0x0000000008005170                . = ALIGN (0x4)
 *(.ARM.extab* .gnu.linkonce.armextab.*)
                0x0000000008005170                . = ALIGN (0x4)

.ARM            0x0000000008005170        0x8
                0x0000000008005170                . = ALIGN (0x4)
                0x0000000008005170                __exidx_start = .
 *(.ARM.exidx*)
 .ARM.exidx     0x0000000008005170        0x8 C:/ST/STM32CubeIDE_1.14.1/STM32CubeIDE/plugins/com.st.stm32cube.ide.mcu.externaltools.gnu-tools-for-stm32.11.3.rel1.win32_1.1.100.202309141235/tools/bin/../lib/gcc/arm-none-eabi/11.3.1/thumb/v8-m.main+fp/hard\libgcc.a(_udivmoddi4.o)
                0x0000000008005178                __exidx_end = .
                0x0000000008005178                . = ALIGN (0x4)

.rel.dyn        0x0000000008005178        0x0
 .rel.iplt      0x0000000008005178        0x0 C:/ST/STM32CubeIDE_1.14.1/STM32CubeIDE/plugins/com.st.stm32cube.ide.mcu.externaltools.gnu-tools-for-stm32.11.3.rel1.win32_1.1.100.202309141235/tools/bin/../lib/gcc/arm-none-eabi/11.3.1/thumb/v8-m.main+fp/hard/crtbegin.o

.preinit_array  0x0000000008005178        0x0
                0x0000000008005178                . = ALIGN (0x4)
                0x0000000008005178                PROVIDE (__preinit_array_start = .)
 *(.preinit_array*)
                0x0000000008005178                PROVIDE (__preinit_array_end = .)
                0x0000000008005178                . = ALIGN (0x4)

.init_array     0x0000000008005178        0x4
                0x0000000008005178                . = ALIGN (0x4)
                0x0000000008005178                PROVIDE (__init_array_start = .)
 *(SORT_BY_NAME(.init_array.*))
 *(.init_array*)
 .init_array    0x0000000008005178        0x4 C:/ST/STM32CubeIDE_1.14.1/STM32CubeIDE/plugins/com.st.stm32cube.ide.mcu.externaltools.gnu-tools-for-stm32.11.3.rel1.win32_1.1.100.202309141235/tools/bin/../lib/gcc/arm-none-eabi/11.3.1/thumb/v8-m.main+fp/hard/crtbegin.o
                0x000000000800517c                PROVIDE (__init_array_end = .)
                0x000000000800517c                . = ALIGN (0x4)

.fini_array     0x000000000800517c        0x4
                0x000000000800517c                . = ALIGN (0x4)
                [!provide]                        PROVIDE (__fini_array_start = .)
 *(SORT_BY_NAME(.fini_array.*))
 *(.fini_array*)
 .fini_array    0x000000000800517c        0x4 C:/ST/STM32CubeIDE_1.14.1/STM32CubeIDE/plugins/com.st.stm32cube.ide.mcu.externaltools.gnu-tools-for-stm32.11.3.rel1.win32_1.1.100.202309141235/tools/bin/../lib/gcc/arm-none-eabi/11.3.1/thumb/v8-m.main+fp/hard/crtbegin.o
                [!provide]                        PROVIDE (__fini_array_end = .)
                0x0000000008005180                . = ALIGN (0x4)
                0x0000000008005180                _sidata = LOADADDR (.data)

.data           0x0000000020000000       0x28 load address 0x0000000008005180
                0x0000000020000000                . = ALIGN (0x4)
                0x0000000020000000                _sdata = .
 *(.data)
 *(.data*)
 .data.SystemCoreClock
                0x0000000020000000        0x4 ./Core/Src/system_stm32l5xx.o
                0x0000000020000000                SystemCoreClock
 .data.uwTickPrio
                0x0000000020000004        0x4 ./Drivers/STM32L5xx_HAL_Driver/Src/stm32l5xx_hal.o
                0x0000000020000004                uwTickPrio
 .data.uwTickFreq
                0x0000000020000008        0x1 ./Drivers/STM32L5xx_HAL_Driver/Src/stm32l5xx_hal.o
                0x0000000020000008                uwTickFreq
 *fill*         0x0000000020000009        0x3 
 .data.pFlash   0x000000002000000c       0x1c ./Drivers/STM32L5xx_HAL_Driver/Src/stm32l5xx_hal_flash.o
                0x000000002000000c                pFlash
 *(.RamFunc)
 *(.RamFunc*)
                0x0000000020000028                . = ALIGN (0x4)
                0x0000000020000028                _edata = .

.igot.plt       0x0000000020000028        0x0 load address 0x00000000080051a8
 .igot.plt      0x0000000020000028        0x0 C:/ST/STM32CubeIDE_1.14.1/STM32CubeIDE/plugins/com.st.stm32cube.ide.mcu.externaltools.gnu-tools-for-stm32.11.3.rel1.win32_1.1.100.202309141235/tools/bin/../lib/gcc/arm-none-eabi/11.3.1/thumb/v8-m.main+fp/hard/crtbegin.o
                0x0000000020000028                . = ALIGN (0x4)

.bss            0x0000000020000028       0xc4 load address 0x00000000080051a8
                0x0000000020000028                _sbss = .
                0x0000000020000028                __bss_start__ = _sbss
 *(.bss)
 .bss           0x0000000020000028       0x1c C:/ST/STM32CubeIDE_1.14.1/STM32CubeIDE/plugins/com.st.stm32cube.ide.mcu.externaltools.gnu-tools-for-stm32.11.3.rel1.win32_1.1.100.202309141235/tools/bin/../lib/gcc/arm-none-eabi/11.3.1/thumb/v8-m.main+fp/hard/crtbegin.o
 *(.bss*)
 .bss.FirstPage
                0x0000000020000044        0x4 ./Core/Src/SIGMA_iflash.o
                0x0000000020000044                FirstPage
 .bss.LastPage  0x0000000020000048        0x4 ./Core/Src/SIGMA_iflash.o
                0x0000000020000048                LastPage
 .bss.NbOfPages
                0x000000002000004c        0x4 ./Core/Src/SIGMA_iflash.o
                0x000000002000004c                NbOfPages
 .bss.BankNumber
                0x0000000020000050        0x4 ./Core/Src/SIGMA_iflash.o
                0x0000000020000050                BankNumber
 .bss.hlpuart1  0x0000000020000054       0x94 ./Core/Src/SIGMA_main.o
                0x0000000020000054                hlpuart1
 .bss.uwTick    0x00000000200000e8        0x4 ./Drivers/STM32L5xx_HAL_Driver/Src/stm32l5xx_hal.o
                0x00000000200000e8                uwTick
 *(COMMON)
                0x00000000200000ec                . = ALIGN (0x4)
                0x00000000200000ec                _ebss = .
                0x00000000200000ec                __bss_end__ = _ebss

._user_heap_stack
                0x00000000200000ec      0x604 load address 0x00000000080051a8
                0x00000000200000f0                . = ALIGN (0x8)
 *fill*         0x00000000200000ec        0x4 
                [!provide]                        PROVIDE (end = .)
                0x00000000200000f0                PROVIDE (_end = .)
                0x00000000200002f0                . = (. + _Min_Heap_Size)
 *fill*         0x00000000200000f0      0x200 
                0x00000000200006f0                . = (. + _Min_Stack_Size)
 *fill*         0x00000000200002f0      0x400 
                0x00000000200006f0                . = ALIGN (0x8)

/DISCARD/
 libc.a(*)
 libm.a(*)
 libgcc.a(*)

.ARM.attributes
                0x0000000000000000       0x36
 *(.ARM.attributes)
 .ARM.attributes
                0x0000000000000000       0x22 C:/ST/STM32CubeIDE_1.14.1/STM32CubeIDE/plugins/com.st.stm32cube.ide.mcu.externaltools.gnu-tools-for-stm32.11.3.rel1.win32_1.1.100.202309141235/tools/bin/../lib/gcc/arm-none-eabi/11.3.1/thumb/v8-m.main+fp/hard/crti.o
 .ARM.attributes
                0x0000000000000022       0x38 C:/ST/STM32CubeIDE_1.14.1/STM32CubeIDE/plugins/com.st.stm32cube.ide.mcu.externaltools.gnu-tools-for-stm32.11.3.rel1.win32_1.1.100.202309141235/tools/bin/../lib/gcc/arm-none-eabi/11.3.1/thumb/v8-m.main+fp/hard/crtbegin.o
 .ARM.attributes
                0x000000000000005a       0x3a ./Core/Src/SIGMA_iflash.o
 .ARM.attributes
                0x0000000000000094       0x3a ./Core/Src/SIGMA_main.o
 .ARM.attributes
                0x00000000000000ce       0x3a ./Core/Src/SIGMA_uart.o
 .ARM.attributes
                0x0000000000000108       0x3a ./Core/Src/SIGMA_xmodem.o
 .ARM.attributes
                0x0000000000000142       0x3a ./Core/Src/stm32l5xx_hal_msp.o
 .ARM.attributes
                0x000000000000017c       0x3a ./Core/Src/stm32l5xx_it.o
 .ARM.attributes
                0x00000000000001b6       0x3a ./Core/Src/system_stm32l5xx.o
 .ARM.attributes
                0x00000000000001f0       0x24 ./Core/Startup/startup_stm32l552zetxq.o
 .ARM.attributes
                0x0000000000000214       0x3a ./Drivers/STM32L5xx_HAL_Driver/Src/stm32l5xx_hal.o
 .ARM.attributes
                0x000000000000024e       0x3a ./Drivers/STM32L5xx_HAL_Driver/Src/stm32l5xx_hal_cortex.o
 .ARM.attributes
                0x0000000000000288       0x3a ./Drivers/STM32L5xx_HAL_Driver/Src/stm32l5xx_hal_dma.o
 .ARM.attributes
                0x00000000000002c2       0x3a ./Drivers/STM32L5xx_HAL_Driver/Src/stm32l5xx_hal_flash.o
 .ARM.attributes
                0x00000000000002fc       0x3a ./Drivers/STM32L5xx_HAL_Driver/Src/stm32l5xx_hal_flash_ex.o
 .ARM.attributes
                0x0000000000000336       0x3a ./Drivers/STM32L5xx_HAL_Driver/Src/stm32l5xx_hal_gpio.o
 .ARM.attributes
                0x0000000000000370       0x3a ./Drivers/STM32L5xx_HAL_Driver/Src/stm32l5xx_hal_pwr_ex.o
 .ARM.attributes
                0x00000000000003aa       0x3a ./Drivers/STM32L5xx_HAL_Driver/Src/stm32l5xx_hal_rcc.o
 .ARM.attributes
                0x00000000000003e4       0x3a ./Drivers/STM32L5xx_HAL_Driver/Src/stm32l5xx_hal_rcc_ex.o
 .ARM.attributes
                0x000000000000041e       0x3a ./Drivers/STM32L5xx_HAL_Driver/Src/stm32l5xx_hal_uart.o
 .ARM.attributes
                0x0000000000000458       0x3a ./Drivers/STM32L5xx_HAL_Driver/Src/stm32l5xx_hal_uart_ex.o
 .ARM.attributes
                0x0000000000000492       0x38 C:/ST/STM32CubeIDE_1.14.1/STM32CubeIDE/plugins/com.st.stm32cube.ide.mcu.externaltools.gnu-tools-for-stm32.11.3.rel1.win32_1.1.100.202309141235/tools/bin/../lib/gcc/arm-none-eabi/11.3.1/../../../../arm-none-eabi/lib/thumb/v8-m.main+fp/hard\libc_nano.a(libc_a-memset.o)
 .ARM.attributes
                0x00000000000004ca       0x38 C:/ST/STM32CubeIDE_1.14.1/STM32CubeIDE/plugins/com.st.stm32cube.ide.mcu.externaltools.gnu-tools-for-stm32.11.3.rel1.win32_1.1.100.202309141235/tools/bin/../lib/gcc/arm-none-eabi/11.3.1/../../../../arm-none-eabi/lib/thumb/v8-m.main+fp/hard\libc_nano.a(libc_a-init.o)
 .ARM.attributes
                0x0000000000000502       0x22 C:/ST/STM32CubeIDE_1.14.1/STM32CubeIDE/plugins/com.st.stm32cube.ide.mcu.externaltools.gnu-tools-for-stm32.11.3.rel1.win32_1.1.100.202309141235/tools/bin/../lib/gcc/arm-none-eabi/11.3.1/thumb/v8-m.main+fp/hard\libgcc.a(_aeabi_uldivmod.o)
 .ARM.attributes
                0x0000000000000524       0x38 C:/ST/STM32CubeIDE_1.14.1/STM32CubeIDE/plugins/com.st.stm32cube.ide.mcu.externaltools.gnu-tools-for-stm32.11.3.rel1.win32_1.1.100.202309141235/tools/bin/../lib/gcc/arm-none-eabi/11.3.1/thumb/v8-m.main+fp/hard\libgcc.a(_udivmoddi4.o)
 .ARM.attributes
                0x000000000000055c       0x22 C:/ST/STM32CubeIDE_1.14.1/STM32CubeIDE/plugins/com.st.stm32cube.ide.mcu.externaltools.gnu-tools-for-stm32.11.3.rel1.win32_1.1.100.202309141235/tools/bin/../lib/gcc/arm-none-eabi/11.3.1/thumb/v8-m.main+fp/hard\libgcc.a(_dvmd_tls.o)
 .ARM.attributes
                0x000000000000057e       0x22 C:/ST/STM32CubeIDE_1.14.1/STM32CubeIDE/plugins/com.st.stm32cube.ide.mcu.externaltools.gnu-tools-for-stm32.11.3.rel1.win32_1.1.100.202309141235/tools/bin/../lib/gcc/arm-none-eabi/11.3.1/thumb/v8-m.main+fp/hard/crtn.o
OUTPUT(Sigma_Embedded_Bootloader_UART.elf elf32-littlearm)
LOAD linker stubs
LOAD C:/ST/STM32CubeIDE_1.14.1/STM32CubeIDE/plugins/com.st.stm32cube.ide.mcu.externaltools.gnu-tools-for-stm32.11.3.rel1.win32_1.1.100.202309141235/tools/bin/../lib/gcc/arm-none-eabi/11.3.1/../../../../arm-none-eabi/lib/thumb/v8-m.main+fp/hard\libc.a
LOAD C:/ST/STM32CubeIDE_1.14.1/STM32CubeIDE/plugins/com.st.stm32cube.ide.mcu.externaltools.gnu-tools-for-stm32.11.3.rel1.win32_1.1.100.202309141235/tools/bin/../lib/gcc/arm-none-eabi/11.3.1/../../../../arm-none-eabi/lib/thumb/v8-m.main+fp/hard\libm.a
LOAD C:/ST/STM32CubeIDE_1.14.1/STM32CubeIDE/plugins/com.st.stm32cube.ide.mcu.externaltools.gnu-tools-for-stm32.11.3.rel1.win32_1.1.100.202309141235/tools/bin/../lib/gcc/arm-none-eabi/11.3.1/thumb/v8-m.main+fp/hard\libgcc.a

.comment        0x0000000000000000       0x43
 .comment       0x0000000000000000       0x43 C:/ST/STM32CubeIDE_1.14.1/STM32CubeIDE/plugins/com.st.stm32cube.ide.mcu.externaltools.gnu-tools-for-stm32.11.3.rel1.win32_1.1.100.202309141235/tools/bin/../lib/gcc/arm-none-eabi/11.3.1/thumb/v8-m.main+fp/hard/crtbegin.o
                                         0x44 (size before relaxing)
 .comment       0x0000000000000043       0x44 ./Core/Src/SIGMA_iflash.o
 .comment       0x0000000000000043       0x44 ./Core/Src/SIGMA_main.o
 .comment       0x0000000000000043       0x44 ./Core/Src/SIGMA_uart.o
 .comment       0x0000000000000043       0x44 ./Core/Src/SIGMA_xmodem.o
 .comment       0x0000000000000043       0x44 ./Core/Src/stm32l5xx_hal_msp.o
 .comment       0x0000000000000043       0x44 ./Core/Src/stm32l5xx_it.o
 .comment       0x0000000000000043       0x44 ./Core/Src/system_stm32l5xx.o
 .comment       0x0000000000000043       0x44 ./Drivers/STM32L5xx_HAL_Driver/Src/stm32l5xx_hal.o
 .comment       0x0000000000000043       0x44 ./Drivers/STM32L5xx_HAL_Driver/Src/stm32l5xx_hal_cortex.o
 .comment       0x0000000000000043       0x44 ./Drivers/STM32L5xx_HAL_Driver/Src/stm32l5xx_hal_dma.o
 .comment       0x0000000000000043       0x44 ./Drivers/STM32L5xx_HAL_Driver/Src/stm32l5xx_hal_flash.o
 .comment       0x0000000000000043       0x44 ./Drivers/STM32L5xx_HAL_Driver/Src/stm32l5xx_hal_flash_ex.o
 .comment       0x0000000000000043       0x44 ./Drivers/STM32L5xx_HAL_Driver/Src/stm32l5xx_hal_gpio.o
 .comment       0x0000000000000043       0x44 ./Drivers/STM32L5xx_HAL_Driver/Src/stm32l5xx_hal_pwr_ex.o
 .comment       0x0000000000000043       0x44 ./Drivers/STM32L5xx_HAL_Driver/Src/stm32l5xx_hal_rcc.o
 .comment       0x0000000000000043       0x44 ./Drivers/STM32L5xx_HAL_Driver/Src/stm32l5xx_hal_rcc_ex.o
 .comment       0x0000000000000043       0x44 ./Drivers/STM32L5xx_HAL_Driver/Src/stm32l5xx_hal_uart.o
 .comment       0x0000000000000043       0x44 ./Drivers/STM32L5xx_HAL_Driver/Src/stm32l5xx_hal_uart_ex.o

.debug_info     0x0000000000000000    0x106eb
 .debug_info    0x0000000000000000      0x4d2 ./Core/Src/SIGMA_iflash.o
 .debug_info    0x00000000000004d2      0xea5 ./Core/Src/SIGMA_main.o
 .debug_info    0x0000000000001377      0x943 ./Core/Src/SIGMA_uart.o
 .debug_info    0x0000000000001cba      0x3e7 ./Core/Src/SIGMA_xmodem.o
 .debug_info    0x00000000000020a1     0x1280 ./Core/Src/stm32l5xx_hal_msp.o
 .debug_info    0x0000000000003321      0x86e ./Core/Src/stm32l5xx_it.o
 .debug_info    0x0000000000003b8f      0x7e2 ./Core/Src/system_stm32l5xx.o
 .debug_info    0x0000000000004371       0x23 ./Core/Startup/startup_stm32l552zetxq.o
 .debug_info    0x0000000000004394      0xcf3 ./Drivers/STM32L5xx_HAL_Driver/Src/stm32l5xx_hal.o
 .debug_info    0x0000000000005087     0x1106 ./Drivers/STM32L5xx_HAL_Driver/Src/stm32l5xx_hal_cortex.o
 .debug_info    0x000000000000618d      0x920 ./Drivers/STM32L5xx_HAL_Driver/Src/stm32l5xx_hal_dma.o
 .debug_info    0x0000000000006aad      0x728 ./Drivers/STM32L5xx_HAL_Driver/Src/stm32l5xx_hal_flash.o
 .debug_info    0x00000000000071d5      0x82e ./Drivers/STM32L5xx_HAL_Driver/Src/stm32l5xx_hal_flash_ex.o
 .debug_info    0x0000000000007a03      0x5d4 ./Drivers/STM32L5xx_HAL_Driver/Src/stm32l5xx_hal_gpio.o
 .debug_info    0x0000000000007fd7      0xd73 ./Drivers/STM32L5xx_HAL_Driver/Src/stm32l5xx_hal_pwr_ex.o
 .debug_info    0x0000000000008d4a      0xf75 ./Drivers/STM32L5xx_HAL_Driver/Src/stm32l5xx_hal_rcc.o
 .debug_info    0x0000000000009cbf     0x1134 ./Drivers/STM32L5xx_HAL_Driver/Src/stm32l5xx_hal_rcc_ex.o
 .debug_info    0x000000000000adf3     0x48fb ./Drivers/STM32L5xx_HAL_Driver/Src/stm32l5xx_hal_uart.o
 .debug_info    0x000000000000f6ee      0xffd ./Drivers/STM32L5xx_HAL_Driver/Src/stm32l5xx_hal_uart_ex.o

.debug_abbrev   0x0000000000000000     0x2a9a
 .debug_abbrev  0x0000000000000000      0x273 ./Core/Src/SIGMA_iflash.o
 .debug_abbrev  0x0000000000000273      0x2a9 ./Core/Src/SIGMA_main.o
 .debug_abbrev  0x000000000000051c      0x188 ./Core/Src/SIGMA_uart.o
 .debug_abbrev  0x00000000000006a4      0x19a ./Core/Src/SIGMA_xmodem.o
 .debug_abbrev  0x000000000000083e      0x224 ./Core/Src/stm32l5xx_hal_msp.o
 .debug_abbrev  0x0000000000000a62      0x171 ./Core/Src/stm32l5xx_it.o
 .debug_abbrev  0x0000000000000bd3      0x12b ./Core/Src/system_stm32l5xx.o
 .debug_abbrev  0x0000000000000cfe       0x12 ./Core/Startup/startup_stm32l552zetxq.o
 .debug_abbrev  0x0000000000000d10      0x2cd ./Drivers/STM32L5xx_HAL_Driver/Src/stm32l5xx_hal.o
 .debug_abbrev  0x0000000000000fdd      0x32c ./Drivers/STM32L5xx_HAL_Driver/Src/stm32l5xx_hal_cortex.o
 .debug_abbrev  0x0000000000001309      0x1f4 ./Drivers/STM32L5xx_HAL_Driver/Src/stm32l5xx_hal_dma.o
 .debug_abbrev  0x00000000000014fd      0x319 ./Drivers/STM32L5xx_HAL_Driver/Src/stm32l5xx_hal_flash.o
 .debug_abbrev  0x0000000000001816      0x279 ./Drivers/STM32L5xx_HAL_Driver/Src/stm32l5xx_hal_flash_ex.o
 .debug_abbrev  0x0000000000001a8f      0x1c2 ./Drivers/STM32L5xx_HAL_Driver/Src/stm32l5xx_hal_gpio.o
 .debug_abbrev  0x0000000000001c51      0x28c ./Drivers/STM32L5xx_HAL_Driver/Src/stm32l5xx_hal_pwr_ex.o
 .debug_abbrev  0x0000000000001edd      0x2fd ./Drivers/STM32L5xx_HAL_Driver/Src/stm32l5xx_hal_rcc.o
 .debug_abbrev  0x00000000000021da      0x2c8 ./Drivers/STM32L5xx_HAL_Driver/Src/stm32l5xx_hal_rcc_ex.o
 .debug_abbrev  0x00000000000024a2      0x325 ./Drivers/STM32L5xx_HAL_Driver/Src/stm32l5xx_hal_uart.o
 .debug_abbrev  0x00000000000027c7      0x2d3 ./Drivers/STM32L5xx_HAL_Driver/Src/stm32l5xx_hal_uart_ex.o

.debug_aranges  0x0000000000000000      0xce8
 .debug_aranges
                0x0000000000000000       0x50 ./Core/Src/SIGMA_iflash.o
 .debug_aranges
                0x0000000000000050       0x40 ./Core/Src/SIGMA_main.o
 .debug_aranges
                0x0000000000000090       0x30 ./Core/Src/SIGMA_uart.o
 .debug_aranges
                0x00000000000000c0       0x40 ./Core/Src/SIGMA_xmodem.o
 .debug_aranges
                0x0000000000000100       0x30 ./Core/Src/stm32l5xx_hal_msp.o
 .debug_aranges
                0x0000000000000130       0x68 ./Core/Src/stm32l5xx_it.o
 .debug_aranges
                0x0000000000000198       0x28 ./Core/Src/system_stm32l5xx.o
 .debug_aranges
                0x00000000000001c0       0x28 ./Core/Startup/startup_stm32l552zetxq.o
 .debug_aranges
                0x00000000000001e8      0x130 ./Drivers/STM32L5xx_HAL_Driver/Src/stm32l5xx_hal.o
 .debug_aranges
                0x0000000000000318      0x140 ./Drivers/STM32L5xx_HAL_Driver/Src/stm32l5xx_hal_cortex.o
 .debug_aranges
                0x0000000000000458       0xa0 ./Drivers/STM32L5xx_HAL_Driver/Src/stm32l5xx_hal_dma.o
 .debug_aranges
                0x00000000000004f8       0x80 ./Drivers/STM32L5xx_HAL_Driver/Src/stm32l5xx_hal_flash.o
 .debug_aranges
                0x0000000000000578       0xa8 ./Drivers/STM32L5xx_HAL_Driver/Src/stm32l5xx_hal_flash_ex.o
 .debug_aranges
                0x0000000000000620       0x60 ./Drivers/STM32L5xx_HAL_Driver/Src/stm32l5xx_hal_gpio.o
 .debug_aranges
                0x0000000000000680      0x1b8 ./Drivers/STM32L5xx_HAL_Driver/Src/stm32l5xx_hal_pwr_ex.o
 .debug_aranges
                0x0000000000000838       0xa8 ./Drivers/STM32L5xx_HAL_Driver/Src/stm32l5xx_hal_rcc.o
 .debug_aranges
                0x00000000000008e0      0x118 ./Drivers/STM32L5xx_HAL_Driver/Src/stm32l5xx_hal_rcc_ex.o
 .debug_aranges
                0x00000000000009f8      0x248 ./Drivers/STM32L5xx_HAL_Driver/Src/stm32l5xx_hal_uart.o
 .debug_aranges
                0x0000000000000c40       0xa8 ./Drivers/STM32L5xx_HAL_Driver/Src/stm32l5xx_hal_uart_ex.o

.debug_rnglists
                0x0000000000000000      0x9de
 .debug_rnglists
                0x0000000000000000       0x39 ./Core/Src/SIGMA_iflash.o
 .debug_rnglists
                0x0000000000000039       0x2d ./Core/Src/SIGMA_main.o
 .debug_rnglists
                0x0000000000000066       0x1f ./Core/Src/SIGMA_uart.o
 .debug_rnglists
                0x0000000000000085       0x2d ./Core/Src/SIGMA_xmodem.o
 .debug_rnglists
                0x00000000000000b2       0x20 ./Core/Src/stm32l5xx_hal_msp.o
 .debug_rnglists
                0x00000000000000d2       0x49 ./Core/Src/stm32l5xx_it.o
 .debug_rnglists
                0x000000000000011b       0x1a ./Core/Src/system_stm32l5xx.o
 .debug_rnglists
                0x0000000000000135       0x19 ./Core/Startup/startup_stm32l552zetxq.o
 .debug_rnglists
                0x000000000000014e       0xdf ./Drivers/STM32L5xx_HAL_Driver/Src/stm32l5xx_hal.o
 .debug_rnglists
                0x000000000000022d       0xeb ./Drivers/STM32L5xx_HAL_Driver/Src/stm32l5xx_hal_cortex.o
 .debug_rnglists
                0x0000000000000318       0x7d ./Drivers/STM32L5xx_HAL_Driver/Src/stm32l5xx_hal_dma.o
 .debug_rnglists
                0x0000000000000395       0x5e ./Drivers/STM32L5xx_HAL_Driver/Src/stm32l5xx_hal_flash.o
 .debug_rnglists
                0x00000000000003f3       0x82 ./Drivers/STM32L5xx_HAL_Driver/Src/stm32l5xx_hal_flash_ex.o
 .debug_rnglists
                0x0000000000000475       0x45 ./Drivers/STM32L5xx_HAL_Driver/Src/stm32l5xx_hal_gpio.o
 .debug_rnglists
                0x00000000000004ba      0x14e ./Drivers/STM32L5xx_HAL_Driver/Src/stm32l5xx_hal_pwr_ex.o
 .debug_rnglists
                0x0000000000000608       0x80 ./Drivers/STM32L5xx_HAL_Driver/Src/stm32l5xx_hal_rcc.o
 .debug_rnglists
                0x0000000000000688       0xdd ./Drivers/STM32L5xx_HAL_Driver/Src/stm32l5xx_hal_rcc_ex.o
 .debug_rnglists
                0x0000000000000765      0x1fa ./Drivers/STM32L5xx_HAL_Driver/Src/stm32l5xx_hal_uart.o
 .debug_rnglists
                0x000000000000095f       0x7f ./Drivers/STM32L5xx_HAL_Driver/Src/stm32l5xx_hal_uart_ex.o

.debug_macro    0x0000000000000000    0x27a53
 .debug_macro   0x0000000000000000      0x1eb ./Core/Src/SIGMA_iflash.o
 .debug_macro   0x00000000000001eb      0xaae ./Core/Src/SIGMA_iflash.o
 .debug_macro   0x0000000000000c99      0x190 ./Core/Src/SIGMA_iflash.o
 .debug_macro   0x0000000000000e29       0x2e ./Core/Src/SIGMA_iflash.o
 .debug_macro   0x0000000000000e57       0x42 ./Core/Src/SIGMA_iflash.o
 .debug_macro   0x0000000000000e99       0x22 ./Core/Src/SIGMA_iflash.o
 .debug_macro   0x0000000000000ebb       0x8e ./Core/Src/SIGMA_iflash.o
 .debug_macro   0x0000000000000f49       0x51 ./Core/Src/SIGMA_iflash.o
 .debug_macro   0x0000000000000f9a      0x103 ./Core/Src/SIGMA_iflash.o
 .debug_macro   0x000000000000109d       0x6a ./Core/Src/SIGMA_iflash.o
 .debug_macro   0x0000000000001107      0x1df ./Core/Src/SIGMA_iflash.o
 .debug_macro   0x00000000000012e6       0x1c ./Core/Src/SIGMA_iflash.o
 .debug_macro   0x0000000000001302       0x29 ./Core/Src/SIGMA_iflash.o
 .debug_macro   0x000000000000132b       0xfb ./Core/Src/SIGMA_iflash.o
 .debug_macro   0x0000000000001426     0x1336 ./Core/Src/SIGMA_iflash.o
 .debug_macro   0x000000000000275c       0x5e ./Core/Src/SIGMA_iflash.o
 .debug_macro   0x00000000000027ba    0x1aca2 ./Core/Src/SIGMA_iflash.o
 .debug_macro   0x000000000001d45c       0x6c ./Core/Src/SIGMA_iflash.o
 .debug_macro   0x000000000001d4c8     0x353c ./Core/Src/SIGMA_iflash.o
 .debug_macro   0x0000000000020a04      0x174 ./Core/Src/SIGMA_iflash.o
 .debug_macro   0x0000000000020b78       0x5d ./Core/Src/SIGMA_iflash.o
 .debug_macro   0x0000000000020bd5     0x1987 ./Core/Src/SIGMA_iflash.o
 .debug_macro   0x000000000002255c      0xa52 ./Core/Src/SIGMA_iflash.o
 .debug_macro   0x0000000000022fae      0x1cf ./Core/Src/SIGMA_iflash.o
 .debug_macro   0x000000000002317d      0x1d8 ./Core/Src/SIGMA_iflash.o
 .debug_macro   0x0000000000023355      0x4e1 ./Core/Src/SIGMA_iflash.o
 .debug_macro   0x0000000000023836      0x1ab ./Core/Src/SIGMA_iflash.o
 .debug_macro   0x00000000000239e1       0x4a ./Core/Src/SIGMA_iflash.o
 .debug_macro   0x0000000000023a2b      0x1b9 ./Core/Src/SIGMA_iflash.o
 .debug_macro   0x0000000000023be4      0x230 ./Core/Src/SIGMA_iflash.o
 .debug_macro   0x0000000000023e14      0x3bb ./Core/Src/SIGMA_iflash.o
 .debug_macro   0x00000000000241cf       0x36 ./Core/Src/SIGMA_iflash.o
 .debug_macro   0x0000000000024205      0x11c ./Core/Src/SIGMA_iflash.o
 .debug_macro   0x0000000000024321      0x22c ./Core/Src/SIGMA_iflash.o
 .debug_macro   0x000000000002454d       0x5b ./Core/Src/SIGMA_iflash.o
 .debug_macro   0x00000000000245a8       0xa5 ./Core/Src/SIGMA_iflash.o
 .debug_macro   0x000000000002464d       0xc9 ./Core/Src/SIGMA_iflash.o
 .debug_macro   0x0000000000024716      0x199 ./Core/Src/SIGMA_iflash.o
 .debug_macro   0x00000000000248af      0x487 ./Core/Src/SIGMA_iflash.o
 .debug_macro   0x0000000000024d36      0x693 ./Core/Src/SIGMA_iflash.o
 .debug_macro   0x00000000000253c9       0xa6 ./Core/Src/SIGMA_iflash.o
 .debug_macro   0x000000000002546f      0x3f1 ./Core/Src/SIGMA_iflash.o
 .debug_macro   0x0000000000025860       0x2e ./Core/Src/SIGMA_iflash.o
 .debug_macro   0x000000000002588e      0x1f8 ./Core/Src/SIGMA_main.o
 .debug_macro   0x0000000000025a86       0x34 ./Core/Src/SIGMA_main.o
 .debug_macro   0x0000000000025aba       0x16 ./Core/Src/SIGMA_main.o
 .debug_macro   0x0000000000025ad0      0x1ec ./Core/Src/SIGMA_uart.o
 .debug_macro   0x0000000000025cbc      0x204 ./Core/Src/SIGMA_xmodem.o
 .debug_macro   0x0000000000025ec0       0x40 ./Core/Src/SIGMA_xmodem.o
 .debug_macro   0x0000000000025f00      0x1e6 ./Core/Src/stm32l5xx_hal_msp.o
 .debug_macro   0x00000000000260e6      0x1f0 ./Core/Src/stm32l5xx_it.o
 .debug_macro   0x00000000000262d6      0x1dc ./Core/Src/system_stm32l5xx.o
 .debug_macro   0x00000000000264b2      0x20c ./Drivers/STM32L5xx_HAL_Driver/Src/stm32l5xx_hal.o
 .debug_macro   0x00000000000266be      0x1dc ./Drivers/STM32L5xx_HAL_Driver/Src/stm32l5xx_hal_cortex.o
 .debug_macro   0x000000000002689a      0x1dc ./Drivers/STM32L5xx_HAL_Driver/Src/stm32l5xx_hal_dma.o
 .debug_macro   0x0000000000026a76      0x1dc ./Drivers/STM32L5xx_HAL_Driver/Src/stm32l5xx_hal_flash.o
 .debug_macro   0x0000000000026c52      0x1dc ./Drivers/STM32L5xx_HAL_Driver/Src/stm32l5xx_hal_flash_ex.o
 .debug_macro   0x0000000000026e2e      0x1e2 ./Drivers/STM32L5xx_HAL_Driver/Src/stm32l5xx_hal_gpio.o
 .debug_macro   0x0000000000027010      0x20c ./Drivers/STM32L5xx_HAL_Driver/Src/stm32l5xx_hal_pwr_ex.o
 .debug_macro   0x000000000002721c      0x206 ./Drivers/STM32L5xx_HAL_Driver/Src/stm32l5xx_hal_rcc.o
 .debug_macro   0x0000000000027422      0x242 ./Drivers/STM32L5xx_HAL_Driver/Src/stm32l5xx_hal_rcc_ex.o
 .debug_macro   0x0000000000027664      0x207 ./Drivers/STM32L5xx_HAL_Driver/Src/stm32l5xx_hal_uart.o
 .debug_macro   0x000000000002786b      0x1e8 ./Drivers/STM32L5xx_HAL_Driver/Src/stm32l5xx_hal_uart_ex.o

.debug_line     0x0000000000000000    0x1115e
 .debug_line    0x0000000000000000      0x990 ./Core/Src/SIGMA_iflash.o
 .debug_line    0x0000000000000990      0x8bc ./Core/Src/SIGMA_main.o
 .debug_line    0x000000000000124c      0x7ec ./Core/Src/SIGMA_uart.o
 .debug_line    0x0000000000001a38      0x982 ./Core/Src/SIGMA_xmodem.o
 .debug_line    0x00000000000023ba      0x7ef ./Core/Src/stm32l5xx_hal_msp.o
 .debug_line    0x0000000000002ba9      0x865 ./Core/Src/stm32l5xx_it.o
 .debug_line    0x000000000000340e      0x81c ./Core/Src/system_stm32l5xx.o
 .debug_line    0x0000000000003c2a       0x79 ./Core/Startup/startup_stm32l552zetxq.o
 .debug_line    0x0000000000003ca3      0xb8f ./Drivers/STM32L5xx_HAL_Driver/Src/stm32l5xx_hal.o
 .debug_line    0x0000000000004832      0xde2 ./Drivers/STM32L5xx_HAL_Driver/Src/stm32l5xx_hal_cortex.o
 .debug_line    0x0000000000005614     0x1022 ./Drivers/STM32L5xx_HAL_Driver/Src/stm32l5xx_hal_dma.o
 .debug_line    0x0000000000006636      0xa67 ./Drivers/STM32L5xx_HAL_Driver/Src/stm32l5xx_hal_flash.o
 .debug_line    0x000000000000709d      0xcee ./Drivers/STM32L5xx_HAL_Driver/Src/stm32l5xx_hal_flash_ex.o
 .debug_line    0x0000000000007d8b      0xbd4 ./Drivers/STM32L5xx_HAL_Driver/Src/stm32l5xx_hal_gpio.o
 .debug_line    0x000000000000895f      0xf43 ./Drivers/STM32L5xx_HAL_Driver/Src/stm32l5xx_hal_pwr_ex.o
 .debug_line    0x00000000000098a2     0x12ce ./Drivers/STM32L5xx_HAL_Driver/Src/stm32l5xx_hal_rcc.o
 .debug_line    0x000000000000ab70     0x1c23 ./Drivers/STM32L5xx_HAL_Driver/Src/stm32l5xx_hal_rcc_ex.o
 .debug_line    0x000000000000c793     0x3bfb ./Drivers/STM32L5xx_HAL_Driver/Src/stm32l5xx_hal_uart.o
 .debug_line    0x000000000001038e      0xdd0 ./Drivers/STM32L5xx_HAL_Driver/Src/stm32l5xx_hal_uart_ex.o

.debug_str      0x0000000000000000    0xfae36
 .debug_str     0x0000000000000000    0xf638f ./Core/Src/SIGMA_iflash.o
                                      0xf6669 (size before relaxing)
 .debug_str     0x00000000000f638f      0x9c4 ./Core/Src/SIGMA_main.o
                                      0xf6ec0 (size before relaxing)
 .debug_str     0x00000000000f6d53       0xdb ./Core/Src/SIGMA_uart.o
                                      0xf69a9 (size before relaxing)
 .debug_str     0x00000000000f6e2e      0x24f ./Core/Src/SIGMA_xmodem.o
                                      0xf6778 (size before relaxing)
 .debug_str     0x00000000000f707d      0x9c3 ./Core/Src/stm32l5xx_hal_msp.o
                                      0xf74ad (size before relaxing)
 .debug_str     0x00000000000f7a40       0xf0 ./Core/Src/stm32l5xx_it.o
                                      0xf696c (size before relaxing)
 .debug_str     0x00000000000f7b30      0x182 ./Core/Src/system_stm32l5xx.o
                                      0xf6628 (size before relaxing)
 .debug_str     0x00000000000f7cb2       0x35 ./Core/Startup/startup_stm32l552zetxq.o
                                         0x9e (size before relaxing)
 .debug_str     0x00000000000f7ce7      0x58d ./Drivers/STM32L5xx_HAL_Driver/Src/stm32l5xx_hal.o
                                      0xf719f (size before relaxing)
 .debug_str     0x00000000000f8274      0x3b8 ./Drivers/STM32L5xx_HAL_Driver/Src/stm32l5xx_hal_cortex.o
                                      0xf6fde (size before relaxing)
 .debug_str     0x00000000000f862c      0x339 ./Drivers/STM32L5xx_HAL_Driver/Src/stm32l5xx_hal_dma.o
                                      0xf699a (size before relaxing)
 .debug_str     0x00000000000f8965      0x2e4 ./Drivers/STM32L5xx_HAL_Driver/Src/stm32l5xx_hal_flash.o
                                      0xf66f6 (size before relaxing)
 .debug_str     0x00000000000f8c49      0x26d ./Drivers/STM32L5xx_HAL_Driver/Src/stm32l5xx_hal_flash_ex.o
                                      0xf67ec (size before relaxing)
 .debug_str     0x00000000000f8eb6      0x1cc ./Drivers/STM32L5xx_HAL_Driver/Src/stm32l5xx_hal_gpio.o
                                      0xf65b1 (size before relaxing)
 .debug_str     0x00000000000f9082      0x710 ./Drivers/STM32L5xx_HAL_Driver/Src/stm32l5xx_hal_pwr_ex.o
                                      0xf6d8d (size before relaxing)
 .debug_str     0x00000000000f9792      0x2f0 ./Drivers/STM32L5xx_HAL_Driver/Src/stm32l5xx_hal_rcc.o
                                      0xf6c42 (size before relaxing)
 .debug_str     0x00000000000f9a82      0x7e7 ./Drivers/STM32L5xx_HAL_Driver/Src/stm32l5xx_hal_rcc_ex.o
                                      0xf7198 (size before relaxing)
 .debug_str     0x00000000000fa269      0x962 ./Drivers/STM32L5xx_HAL_Driver/Src/stm32l5xx_hal_uart.o
                                      0xf7568 (size before relaxing)
 .debug_str     0x00000000000fabcb      0x26b ./Drivers/STM32L5xx_HAL_Driver/Src/stm32l5xx_hal_uart_ex.o
                                      0xf6cf6 (size before relaxing)

.debug_frame    0x0000000000000000     0x33d8
 .debug_frame   0x0000000000000000      0x128 ./Core/Src/SIGMA_iflash.o
 .debug_frame   0x0000000000000128       0xa8 ./Core/Src/SIGMA_main.o
 .debug_frame   0x00000000000001d0       0x7c ./Core/Src/SIGMA_uart.o
 .debug_frame   0x000000000000024c       0xbc ./Core/Src/SIGMA_xmodem.o
 .debug_frame   0x0000000000000308       0x84 ./Core/Src/stm32l5xx_hal_msp.o
 .debug_frame   0x000000000000038c      0x120 ./Core/Src/stm32l5xx_it.o
 .debug_frame   0x00000000000004ac       0x58 ./Core/Src/system_stm32l5xx.o
 .debug_frame   0x0000000000000504      0x4a4 ./Drivers/STM32L5xx_HAL_Driver/Src/stm32l5xx_hal.o
 .debug_frame   0x00000000000009a8      0x558 ./Drivers/STM32L5xx_HAL_Driver/Src/stm32l5xx_hal_cortex.o
 .debug_frame   0x0000000000000f00      0x29c ./Drivers/STM32L5xx_HAL_Driver/Src/stm32l5xx_hal_dma.o
 .debug_frame   0x000000000000119c      0x1e8 ./Drivers/STM32L5xx_HAL_Driver/Src/stm32l5xx_hal_flash.o
 .debug_frame   0x0000000000001384      0x2bc ./Drivers/STM32L5xx_HAL_Driver/Src/stm32l5xx_hal_flash_ex.o
 .debug_frame   0x0000000000001640      0x174 ./Drivers/STM32L5xx_HAL_Driver/Src/stm32l5xx_hal_gpio.o
 .debug_frame   0x00000000000017b4      0x6fc ./Drivers/STM32L5xx_HAL_Driver/Src/stm32l5xx_hal_pwr_ex.o
 .debug_frame   0x0000000000001eb0      0x298 ./Drivers/STM32L5xx_HAL_Driver/Src/stm32l5xx_hal_rcc.o
 .debug_frame   0x0000000000002148      0x48c ./Drivers/STM32L5xx_HAL_Driver/Src/stm32l5xx_hal_rcc_ex.o
 .debug_frame   0x00000000000025d4      0xa94 ./Drivers/STM32L5xx_HAL_Driver/Src/stm32l5xx_hal_uart.o
 .debug_frame   0x0000000000003068      0x2c0 ./Drivers/STM32L5xx_HAL_Driver/Src/stm32l5xx_hal_uart_ex.o
 .debug_frame   0x0000000000003328       0x20 C:/ST/STM32CubeIDE_1.14.1/STM32CubeIDE/plugins/com.st.stm32cube.ide.mcu.externaltools.gnu-tools-for-stm32.11.3.rel1.win32_1.1.100.202309141235/tools/bin/../lib/gcc/arm-none-eabi/11.3.1/../../../../arm-none-eabi/lib/thumb/v8-m.main+fp/hard\libc_nano.a(libc_a-memset.o)
 .debug_frame   0x0000000000003348       0x2c C:/ST/STM32CubeIDE_1.14.1/STM32CubeIDE/plugins/com.st.stm32cube.ide.mcu.externaltools.gnu-tools-for-stm32.11.3.rel1.win32_1.1.100.202309141235/tools/bin/../lib/gcc/arm-none-eabi/11.3.1/../../../../arm-none-eabi/lib/thumb/v8-m.main+fp/hard\libc_nano.a(libc_a-init.o)
 .debug_frame   0x0000000000003374       0x2c C:/ST/STM32CubeIDE_1.14.1/STM32CubeIDE/plugins/com.st.stm32cube.ide.mcu.externaltools.gnu-tools-for-stm32.11.3.rel1.win32_1.1.100.202309141235/tools/bin/../lib/gcc/arm-none-eabi/11.3.1/thumb/v8-m.main+fp/hard\libgcc.a(_aeabi_uldivmod.o)
 .debug_frame   0x00000000000033a0       0x38 C:/ST/STM32CubeIDE_1.14.1/STM32CubeIDE/plugins/com.st.stm32cube.ide.mcu.externaltools.gnu-tools-for-stm32.11.3.rel1.win32_1.1.100.202309141235/tools/bin/../lib/gcc/arm-none-eabi/11.3.1/thumb/v8-m.main+fp/hard\libgcc.a(_udivmoddi4.o)

.debug_line_str
                0x0000000000000000       0x92
 .debug_line_str
                0x0000000000000000       0x92 ./Core/Startup/startup_stm32l552zetxq.o
                                         0xab (size before relaxing)
